0 verbose cli C:\Program Files\nodejs\node.exe C:\Program Files\nodejs\node_modules\npm\bin\npm-cli.js
1 info using npm@11.17.0
2 info using node@v24.19.0
3 silly config load:file:C:\Program Files\nodejs\node_modules\npm\npmrc
4 silly config load:file:C:\my portfolio\.npmrc
5 silly config load:file:C:\Users\cafud\.npmrc
6 silly config load:file:C:\Users\cafud\AppData\Roaming\npm\etc\npmrc
7 verbose title npm install
8 verbose argv "install"
9 verbose logfile logs-max:10 dir:C:\my portfolio\.npm-cache\_logs\2026-09-20T17_05_54_179Z-
10 verbose logfile C:\my portfolio\.npm-cache\_logs\2026-09-20T17_05_54_179Z-debug-0.log
11 silly logfile done cleaning log files
12 silly packumentCache heap:2348810240 maxSize:587202560 maxEntrySize:293601280
13 silly idealTree buildDeps
14 silly fetch manifest @vitejs/plugin-react@6.0.2
15 silly packumentCache full:https://registry.npmjs.org/@vitejs%2fplugin-react cache-miss
16 http fetch GET 200 https://registry.npmjs.org/@vitejs%2fplugin-react 877ms (cache miss)
17 silly packumentCache full:https://registry.npmjs.org/@vitejs%2fplugin-react set size:undefined disposed:false
18 silly fetch manifest @rolldown/plugin-babel@^0.1.7 || ^0.2.0
19 silly packumentCache full:https://registry.npmjs.org/@rolldown%2fplugin-babel cache-miss
20 http fetch GET 200 https://registry.npmjs.org/@rolldown%2fplugin-babel 205ms (cache miss)
21 silly packumentCache full:https://registry.npmjs.org/@rolldown%2fplugin-babel set size:undefined disposed:false
22 silly fetch manifest @babel/core@^7.29.0 || ^8.0.0-rc.1
23 silly packumentCache full:https://registry.npmjs.org/@babel%2fcore cache-miss
24 http fetch GET 200 https://registry.npmjs.org/@babel%2fcore 470ms (cache miss)
25 silly packumentCache full:https://registry.npmjs.org/@babel%2fcore set size:undefined disposed:false
26 silly fetch manifest @babel/plugin-transform-runtime@^7.29.0 || ^8.0.0-rc.1
27 silly packumentCache full:https://registry.npmjs.org/@babel%2fplugin-transform-runtime cache-miss
28 http fetch GET 200 https://registry.npmjs.org/@babel%2fplugin-transform-runtime 234ms (cache miss)
29 silly packumentCache full:https://registry.npmjs.org/@babel%2fplugin-transform-runtime set size:undefined disposed:false
30 silly fetch manifest @babel/runtime@^7.27.0 || ^8.0.0-rc.1
31 silly packumentCache full:https://registry.npmjs.org/@babel%2fruntime cache-miss
32 http fetch GET 200 https://registry.npmjs.org/@babel%2fruntime 491ms (cache miss)
33 silly packumentCache full:https://registry.npmjs.org/@babel%2fruntime set size:undefined disposed:false
34 silly fetch manifest rolldown@^1.0.0-rc.5
35 silly packumentCache full:https://registry.npmjs.org/rolldown cache-miss
36 http fetch GET 200 https://registry.npmjs.org/rolldown 1895ms (cache miss)
37 silly packumentCache full:https://registry.npmjs.org/rolldown set size:undefined disposed:false
38 silly fetch manifest vite@8.2.2
39 silly packumentCache full:https://registry.npmjs.org/vite cache-miss
40 http fetch GET 200 https://registry.npmjs.org/vite 2832ms (cache miss)
41 silly packumentCache full:https://registry.npmjs.org/vite set size:undefined disposed:false
42 silly fetch manifest @types/node@^20.19.0 || >=22.12.0
43 silly packumentCache full:https://registry.npmjs.org/@types%2fnode cache-miss
44 http fetch GET 200 https://registry.npmjs.org/@types%2fnode 605ms (cache miss)
45 silly packumentCache full:https://registry.npmjs.org/@types%2fnode set size:undefined disposed:false
46 silly fetch manifest @vitejs/devtools@^0.4.0 || ^0.5.0
47 silly packumentCache full:https://registry.npmjs.org/@vitejs%2fdevtools cache-miss
48 http fetch GET 200 https://registry.npmjs.org/@vitejs%2fdevtools 224ms (cache miss)
49 silly packumentCache full:https://registry.npmjs.org/@vitejs%2fdevtools set size:undefined disposed:false
50 silly fetch manifest @vitejs/devtools-oxc@^0.5.2
51 silly packumentCache full:https://registry.npmjs.org/@vitejs%2fdevtools-oxc cache-miss
52 http fetch GET 200 https://registry.npmjs.org/@vitejs%2fdevtools-oxc 187ms (cache miss)
53 silly packumentCache full:https://registry.npmjs.org/@vitejs%2fdevtools-oxc set size:undefined disposed:false
54 silly fetch manifest @vitejs/devtools-rolldown@^0.5.2
55 silly packumentCache full:https://registry.npmjs.org/@vitejs%2fdevtools-rolldown cache-miss
56 http fetch GET 200 https://registry.npmjs.org/@vitejs%2fdevtools-rolldown 251ms (cache miss)
57 silly packumentCache full:https://registry.npmjs.org/@vitejs%2fdevtools-rolldown set size:undefined disposed:false
58 silly fetch manifest @vitejs/devtools-vite@^0.5.2
59 silly packumentCache full:https://registry.npmjs.org/@vitejs%2fdevtools-vite cache-miss
60 http fetch GET 200 https://registry.npmjs.org/@vitejs%2fdevtools-vite 189ms (cache miss)
61 silly packumentCache full:https://registry.npmjs.org/@vitejs%2fdevtools-vite set size:undefined disposed:false
62 silly fetch manifest @vitejs/devtools-vitest@^0.5.2
63 silly packumentCache full:https://registry.npmjs.org/@vitejs%2fdevtools-vitest cache-miss
64 http fetch GET 200 https://registry.npmjs.org/@vitejs%2fdevtools-vitest 398ms (cache miss)
65 silly packumentCache full:https://registry.npmjs.org/@vitejs%2fdevtools-vitest set size:undefined disposed:false
66 silly fetch manifest vitest@*
67 silly packumentCache full:https://registry.npmjs.org/vitest cache-miss
68 http fetch GET 200 https://registry.npmjs.org/vitest 2739ms (cache miss)
69 silly packumentCache full:https://registry.npmjs.org/vitest set size:undefined disposed:false
70 silly fetch manifest @edge-runtime/vm@*
71 silly packumentCache full:https://registry.npmjs.org/@edge-runtime%2fvm cache-miss
72 http fetch GET 200 https://registry.npmjs.org/@edge-runtime%2fvm 579ms (cache miss)
73 silly packumentCache full:https://registry.npmjs.org/@edge-runtime%2fvm set size:undefined disposed:false
74 silly fetch manifest @opentelemetry/api@^1.9.0
75 silly packumentCache full:https://registry.npmjs.org/@opentelemetry%2fapi cache-miss
76 http fetch GET 200 https://registry.npmjs.org/@opentelemetry%2fapi 690ms (cache miss)
77 silly packumentCache full:https://registry.npmjs.org/@opentelemetry%2fapi set size:undefined disposed:false
78 silly fetch manifest @vitest/browser-playwright@5.0.1
79 silly packumentCache full:https://registry.npmjs.org/@vitest%2fbrowser-playwright cache-miss
80 http fetch GET 200 https://registry.npmjs.org/@vitest%2fbrowser-playwright 368ms (cache miss)
81 silly packumentCache full:https://registry.npmjs.org/@vitest%2fbrowser-playwright set size:undefined disposed:false
82 silly fetch manifest playwright@*
83 silly packumentCache full:https://registry.npmjs.org/playwright cache-miss
84 http fetch GET 200 https://registry.npmjs.org/playwright 6429ms (cache miss)
85 silly packumentCache full:https://registry.npmjs.org/playwright set size:undefined disposed:false
86 silly fetch manifest @vitest/browser-preview@5.0.1
87 silly packumentCache full:https://registry.npmjs.org/@vitest%2fbrowser-preview cache-miss
88 http fetch GET 200 https://registry.npmjs.org/@vitest%2fbrowser-preview 267ms (cache miss)
89 silly packumentCache full:https://registry.npmjs.org/@vitest%2fbrowser-preview set size:undefined disposed:false
90 silly fetch manifest @vitest/browser-webdriverio@^5.0.0-beta.5 || >=5.0.0
91 silly packumentCache full:https://registry.npmjs.org/@vitest%2fbrowser-webdriverio cache-miss
92 http fetch GET 200 https://registry.npmjs.org/@vitest%2fbrowser-webdriverio 233ms (cache miss)
93 silly packumentCache full:https://registry.npmjs.org/@vitest%2fbrowser-webdriverio set size:undefined disposed:false
94 silly fetch manifest webdriverio@*
95 silly packumentCache full:https://registry.npmjs.org/webdriverio cache-miss
96 http fetch GET 200 https://registry.npmjs.org/webdriverio 381ms (cache miss)
97 silly packumentCache full:https://registry.npmjs.org/webdriverio set size:undefined disposed:false
98 silly fetch manifest puppeteer-core@>=22.x <=24.x
99 silly packumentCache full:https://registry.npmjs.org/puppeteer-core cache-miss
100 http fetch GET 200 https://registry.npmjs.org/puppeteer-core 225ms (cache miss)
101 silly packumentCache full:https://registry.npmjs.org/puppeteer-core set size:undefined disposed:false
102 silly fetch manifest @vitest/coverage-istanbul@5.0.1
103 silly packumentCache full:https://registry.npmjs.org/@vitest%2fcoverage-istanbul cache-miss
104 http fetch GET 200 https://registry.npmjs.org/@vitest%2fcoverage-istanbul 1111ms (cache miss)
105 silly packumentCache full:https://registry.npmjs.org/@vitest%2fcoverage-istanbul set size:undefined disposed:false
106 silly fetch manifest @vitest/coverage-v8@5.0.1
107 silly packumentCache full:https://registry.npmjs.org/@vitest%2fcoverage-v8 cache-miss
108 http fetch GET 200 https://registry.npmjs.org/@vitest%2fcoverage-v8 199ms (cache miss)
109 silly packumentCache full:https://registry.npmjs.org/@vitest%2fcoverage-v8 set size:undefined disposed:false
110 silly fetch manifest @vitest/browser@5.0.1
111 silly packumentCache full:https://registry.npmjs.org/@vitest%2fbrowser cache-miss
112 http fetch GET 200 https://registry.npmjs.org/@vitest%2fbrowser 1282ms (cache miss)
113 silly packumentCache full:https://registry.npmjs.org/@vitest%2fbrowser set size:undefined disposed:false
114 silly fetch manifest @vitest/ui@5.0.1
115 silly packumentCache full:https://registry.npmjs.org/@vitest%2fui cache-miss
116 http fetch GET 200 https://registry.npmjs.org/@vitest%2fui 2832ms (cache miss)
117 silly packumentCache full:https://registry.npmjs.org/@vitest%2fui set size:undefined disposed:false
118 silly fetch manifest happy-dom@*
119 silly packumentCache full:https://registry.npmjs.org/happy-dom cache-miss
120 http fetch GET 200 https://registry.npmjs.org/happy-dom 2219ms (cache miss)
121 silly packumentCache full:https://registry.npmjs.org/happy-dom set size:undefined disposed:false
122 silly fetch manifest jsdom@*
123 silly packumentCache full:https://registry.npmjs.org/jsdom cache-miss
124 http fetch GET 200 https://registry.npmjs.org/jsdom 517ms (cache miss)
125 silly packumentCache full:https://registry.npmjs.org/jsdom set size:undefined disposed:false
126 silly fetch manifest canvas@^3.2.3
127 silly packumentCache full:https://registry.npmjs.org/canvas cache-miss
128 http fetch GET 200 https://registry.npmjs.org/canvas 303ms (cache miss)
129 silly packumentCache full:https://registry.npmjs.org/canvas set size:undefined disposed:false
130 silly fetch manifest esbuild@^0.27.0 || ^0.28.0
131 silly packumentCache full:https://registry.npmjs.org/esbuild cache-miss
132 http fetch GET 200 https://registry.npmjs.org/esbuild 906ms (cache miss)
133 silly packumentCache full:https://registry.npmjs.org/esbuild set size:undefined disposed:false
134 silly fetch manifest jiti@>=1.21.0
135 silly packumentCache full:https://registry.npmjs.org/jiti cache-miss
136 http fetch GET 200 https://registry.npmjs.org/jiti 310ms (cache miss)
137 silly packumentCache full:https://registry.npmjs.org/jiti set size:undefined disposed:false
138 silly fetch manifest less@^4.0.0
139 silly packumentCache full:https://registry.npmjs.org/less cache-miss
140 http fetch GET 200 https://registry.npmjs.org/less 314ms (cache miss)
141 silly packumentCache full:https://registry.npmjs.org/less set size:undefined disposed:false
142 silly fetch manifest sass@^1.70.0
143 silly packumentCache full:https://registry.npmjs.org/sass cache-miss
144 http fetch GET 200 https://registry.npmjs.org/sass 458ms (cache miss)
145 silly packumentCache full:https://registry.npmjs.org/sass set size:undefined disposed:false
146 silly fetch manifest sass-embedded@^1.70.0
147 silly packumentCache full:https://registry.npmjs.org/sass-embedded cache-miss
148 http fetch GET 200 https://registry.npmjs.org/sass-embedded 309ms (cache miss)
149 silly packumentCache full:https://registry.npmjs.org/sass-embedded set size:undefined disposed:false
150 silly fetch manifest stylus@>=0.54.8
151 silly packumentCache full:https://registry.npmjs.org/stylus cache-miss
152 http fetch GET 200 https://registry.npmjs.org/stylus 227ms (cache miss)
153 silly packumentCache full:https://registry.npmjs.org/stylus set size:undefined disposed:false
154 silly fetch manifest sugarss@^5.0.0
155 silly packumentCache full:https://registry.npmjs.org/sugarss cache-miss
156 http fetch GET 200 https://registry.npmjs.org/sugarss 233ms (cache miss)
157 silly packumentCache full:https://registry.npmjs.org/sugarss set size:undefined disposed:false
158 silly fetch manifest postcss@^8.3.3
159 silly packumentCache full:https://registry.npmjs.org/postcss cache-miss
160 http fetch GET 200 https://registry.npmjs.org/postcss 330ms (cache miss)
161 silly packumentCache full:https://registry.npmjs.org/postcss set size:undefined disposed:false
162 silly fetch manifest terser@^5.16.0
163 silly packumentCache full:https://registry.npmjs.org/terser cache-miss
164 http fetch GET 200 https://registry.npmjs.org/terser 394ms (cache miss)
165 silly packumentCache full:https://registry.npmjs.org/terser set size:undefined disposed:false
166 silly fetch manifest tsx@^4.8.1
167 silly packumentCache full:https://registry.npmjs.org/tsx cache-miss
168 http fetch GET 200 https://registry.npmjs.org/tsx 238ms (cache miss)
169 silly packumentCache full:https://registry.npmjs.org/tsx set size:undefined disposed:false
170 silly fetch manifest yaml@^2.4.2
171 silly packumentCache full:https://registry.npmjs.org/yaml cache-miss
172 http fetch GET 200 https://registry.npmjs.org/yaml 248ms (cache miss)
173 silly packumentCache full:https://registry.npmjs.org/yaml set size:undefined disposed:false
174 silly fetch manifest babel-plugin-react-compiler@^1.0.0
175 silly packumentCache full:https://registry.npmjs.org/babel-plugin-react-compiler cache-miss
176 http fetch GET 200 https://registry.npmjs.org/babel-plugin-react-compiler 300ms (cache miss)
177 silly packumentCache full:https://registry.npmjs.org/babel-plugin-react-compiler set size:undefined disposed:false
178 silly fetch manifest gsap@3.15.0
179 silly packumentCache full:https://registry.npmjs.org/gsap cache-miss
180 http fetch GET 200 https://registry.npmjs.org/gsap 302ms (cache miss)
181 silly packumentCache full:https://registry.npmjs.org/gsap set size:undefined disposed:false
182 silly fetch manifest react@19.2.8
183 silly packumentCache full:https://registry.npmjs.org/react cache-miss
184 http fetch GET 200 https://registry.npmjs.org/react 1534ms (cache miss)
185 silly packumentCache full:https://registry.npmjs.org/react set size:undefined disposed:false
186 silly fetch manifest react-dom@19.2.8
187 silly packumentCache full:https://registry.npmjs.org/react-dom cache-miss
188 http fetch GET 200 https://registry.npmjs.org/react-dom 823ms (cache miss)
189 silly packumentCache full:https://registry.npmjs.org/react-dom set size:undefined disposed:false
190 silly fetch manifest @types/react@19.2.18
191 silly packumentCache full:https://registry.npmjs.org/@types%2freact cache-miss
192 http fetch GET 200 https://registry.npmjs.org/@types%2freact 416ms (cache miss)
193 silly packumentCache full:https://registry.npmjs.org/@types%2freact set size:undefined disposed:false
194 silly fetch manifest @types/react-dom@19.2.5
195 silly packumentCache full:https://registry.npmjs.org/@types%2freact-dom cache-miss
196 http fetch GET 200 https://registry.npmjs.org/@types%2freact-dom 222ms (cache miss)
197 silly packumentCache full:https://registry.npmjs.org/@types%2freact-dom set size:undefined disposed:false
198 silly fetch manifest typescript@5.9.3
199 silly packumentCache full:https://registry.npmjs.org/typescript cache-miss
200 http fetch GET 200 https://registry.npmjs.org/typescript 791ms (cache miss)
201 silly packumentCache full:https://registry.npmjs.org/typescript set size:undefined disposed:false
202 silly placeDep ROOT @types/react@19.2.18 OK for: portfolio-cafud@0.1.0 want: 19.2.18
203 silly placeDep ROOT @types/react-dom@19.2.5 OK for: portfolio-cafud@0.1.0 want: 19.2.5
204 silly placeDep ROOT @vitejs/plugin-react@6.0.2 OK for: portfolio-cafud@0.1.0 want: 6.0.2
205 silly placeDep ROOT vite@8.2.2 OK for: @vitejs/plugin-react@6.0.2 want: ^8.0.0
206 silly placeDep ROOT gsap@3.15.0 OK for: portfolio-cafud@0.1.0 want: 3.15.0
207 silly placeDep ROOT react@19.2.8 OK for: portfolio-cafud@0.1.0 want: 19.2.8
208 silly placeDep ROOT react-dom@19.2.8 OK for: portfolio-cafud@0.1.0 want: 19.2.8
209 silly placeDep ROOT typescript@5.9.3 OK for: portfolio-cafud@0.1.0 want: 5.9.3
210 silly fetch manifest csstype@^3.2.2
211 silly packumentCache full:https://registry.npmjs.org/csstype cache-miss
212 silly fetch manifest @rolldown/pluginutils@^1.0.0
213 silly packumentCache full:https://registry.npmjs.org/@rolldown%2fpluginutils cache-miss
214 silly fetch manifest postcss@^8.5.26
215 silly packumentCache full:https://registry.npmjs.org/postcss cache-miss
216 silly fetch manifest rolldown@~1.2.4
217 silly packumentCache full:https://registry.npmjs.org/rolldown cache-miss
218 silly fetch manifest picomatch@^4.0.5
219 silly packumentCache full:https://registry.npmjs.org/picomatch cache-miss
220 silly fetch manifest tinyglobby@^0.2.17
221 silly packumentCache full:https://registry.npmjs.org/tinyglobby cache-miss
222 silly fetch manifest lightningcss@^1.33.0
223 silly packumentCache full:https://registry.npmjs.org/lightningcss cache-miss
224 silly fetch manifest fsevents@~2.3.3
225 silly packumentCache full:https://registry.npmjs.org/fsevents cache-miss
226 silly fetch manifest scheduler@^0.27.0
227 silly packumentCache full:https://registry.npmjs.org/scheduler cache-miss
228 http cache https://registry.npmjs.org/postcss 50ms (cache hit)
229 silly packumentCache full:https://registry.npmjs.org/postcss set size:766699 disposed:false
230 http cache https://registry.npmjs.org/rolldown 61ms (cache hit)
231 silly packumentCache full:https://registry.npmjs.org/rolldown set size:3821542 disposed:false
232 http fetch GET 200 https://registry.npmjs.org/csstype 294ms (cache miss)
233 silly packumentCache full:https://registry.npmjs.org/csstype set size:undefined disposed:false
234 http fetch GET 200 https://registry.npmjs.org/tinyglobby 802ms (cache miss)
235 silly packumentCache full:https://registry.npmjs.org/tinyglobby set size:undefined disposed:false
236 http fetch GET 200 https://registry.npmjs.org/fsevents 1334ms (cache miss)
237 silly packumentCache full:https://registry.npmjs.org/fsevents set size:undefined disposed:false
238 http fetch GET 200 https://registry.npmjs.org/@rolldown%2fpluginutils 1340ms (cache miss)
239 silly packumentCache full:https://registry.npmjs.org/@rolldown%2fpluginutils set size:undefined disposed:false
240 http fetch GET 200 https://registry.npmjs.org/picomatch 1354ms (cache miss)
241 silly packumentCache full:https://registry.npmjs.org/picomatch set size:undefined disposed:false
242 http fetch GET 200 https://registry.npmjs.org/scheduler 1607ms (cache miss)
243 silly packumentCache full:https://registry.npmjs.org/scheduler set size:undefined disposed:false
244 http fetch GET 200 https://registry.npmjs.org/lightningcss 2084ms (cache miss)
245 silly packumentCache full:https://registry.npmjs.org/lightningcss set size:undefined disposed:false
246 silly placeDep ROOT csstype@3.2.3 OK for: @types/react@19.2.18 want: ^3.2.2
247 silly placeDep ROOT @rolldown/pluginutils@1.0.1 OK for: @vitejs/plugin-react@6.0.2 want: ^1.0.0
248 silly placeDep ROOT scheduler@0.27.0 OK for: react-dom@19.2.8 want: ^0.27.0
249 silly placeDep ROOT fsevents@2.3.3 OK for: vite@8.2.2 want: ~2.3.3
250 silly placeDep ROOT lightningcss@1.33.0 OK for: vite@8.2.2 want: ^1.33.0
251 silly placeDep ROOT picomatch@4.0.7 OK for: vite@8.2.2 want: ^4.0.5
252 silly placeDep ROOT postcss@8.5.28 OK for: vite@8.2.2 want: ^8.5.26
253 silly placeDep ROOT rolldown@1.2.9 OK for: vite@8.2.2 want: ~1.2.4
254 silly placeDep ROOT tinyglobby@0.2.17 OK for: vite@8.2.2 want: ^0.2.17
255 silly fetch manifest detect-libc@^2.0.3
256 silly packumentCache full:https://registry.npmjs.org/detect-libc cache-miss
257 silly fetch manifest lightningcss-darwin-x64@1.33.0
258 silly packumentCache full:https://registry.npmjs.org/lightningcss-darwin-x64 cache-miss
259 silly fetch manifest lightningcss-linux-x64-gnu@1.33.0
260 silly packumentCache full:https://registry.npmjs.org/lightningcss-linux-x64-gnu cache-miss
261 silly fetch manifest lightningcss-win32-x64-msvc@1.33.0
262 silly packumentCache full:https://registry.npmjs.org/lightningcss-win32-x64-msvc cache-miss
263 silly fetch manifest lightningcss-win32-arm64-msvc@1.33.0
264 silly packumentCache full:https://registry.npmjs.org/lightningcss-win32-arm64-msvc cache-miss
265 silly fetch manifest lightningcss-darwin-arm64@1.33.0
266 silly packumentCache full:https://registry.npmjs.org/lightningcss-darwin-arm64 cache-miss
267 silly fetch manifest lightningcss-linux-arm64-gnu@1.33.0
268 silly packumentCache full:https://registry.npmjs.org/lightningcss-linux-arm64-gnu cache-miss
269 silly fetch manifest lightningcss-linux-arm-gnueabihf@1.33.0
270 silly packumentCache full:https://registry.npmjs.org/lightningcss-linux-arm-gnueabihf cache-miss
271 silly fetch manifest lightningcss-linux-arm64-musl@1.33.0
272 silly packumentCache full:https://registry.npmjs.org/lightningcss-linux-arm64-musl cache-miss
273 silly fetch manifest lightningcss-linux-x64-musl@1.33.0
274 silly packumentCache full:https://registry.npmjs.org/lightningcss-linux-x64-musl cache-miss
275 silly fetch manifest lightningcss-freebsd-x64@1.33.0
276 silly packumentCache full:https://registry.npmjs.org/lightningcss-freebsd-x64 cache-miss
277 http fetch GET 200 https://registry.npmjs.org/lightningcss-win32-arm64-msvc 225ms (cache miss)
278 silly packumentCache full:https://registry.npmjs.org/lightningcss-win32-arm64-msvc set size:undefined disposed:false
279 silly fetch manifest lightningcss-android-arm64@1.33.0
280 silly packumentCache full:https://registry.npmjs.org/lightningcss-android-arm64 cache-miss
281 http fetch GET 200 https://registry.npmjs.org/detect-libc 230ms (cache miss)
282 silly packumentCache full:https://registry.npmjs.org/detect-libc set size:undefined disposed:false
283 silly fetch manifest nanoid@^3.3.18
284 silly packumentCache full:https://registry.npmjs.org/nanoid cache-miss
285 http fetch GET 200 https://registry.npmjs.org/lightningcss-linux-arm64-gnu 233ms (cache miss)
286 silly packumentCache full:https://registry.npmjs.org/lightningcss-linux-arm64-gnu set size:undefined disposed:false
287 silly fetch manifest picocolors@^1.1.1
288 silly packumentCache full:https://registry.npmjs.org/picocolors cache-miss
289 http fetch GET 200 https://registry.npmjs.org/lightningcss-linux-x64-gnu 239ms (cache miss)
290 silly packumentCache full:https://registry.npmjs.org/lightningcss-linux-x64-gnu set size:undefined disposed:false
291 silly fetch manifest source-map-js@^1.2.1
292 silly packumentCache full:https://registry.npmjs.org/source-map-js cache-miss
293 http fetch GET 200 https://registry.npmjs.org/lightningcss-win32-x64-msvc 242ms (cache miss)
294 silly packumentCache full:https://registry.npmjs.org/lightningcss-win32-x64-msvc set size:undefined disposed:false
295 silly fetch manifest @oxc-project/types@=0.150.0
296 silly packumentCache full:https://registry.npmjs.org/@oxc-project%2ftypes cache-miss
297 http fetch GET 200 https://registry.npmjs.org/lightningcss-linux-arm-gnueabihf 243ms (cache miss)
298 silly packumentCache full:https://registry.npmjs.org/lightningcss-linux-arm-gnueabihf set size:undefined disposed:false
299 silly fetch manifest @rolldown/binding-darwin-x64@1.2.9
300 silly packumentCache full:https://registry.npmjs.org/@rolldown%2fbinding-darwin-x64 cache-miss
301 http fetch GET 200 https://registry.npmjs.org/lightningcss-darwin-x64 247ms (cache miss)
302 silly packumentCache full:https://registry.npmjs.org/lightningcss-darwin-x64 set size:undefined disposed:false
303 silly fetch manifest @rolldown/binding-freebsd-x64@1.2.9
304 silly packumentCache full:https://registry.npmjs.org/@rolldown%2fbinding-freebsd-x64 cache-miss
305 http fetch GET 200 https://registry.npmjs.org/lightningcss-android-arm64 153ms (cache miss)
306 silly packumentCache full:https://registry.npmjs.org/lightningcss-android-arm64 set size:undefined disposed:false
307 silly fetch manifest @rolldown/binding-darwin-arm64@1.2.9
308 silly packumentCache full:https://registry.npmjs.org/@rolldown%2fbinding-darwin-arm64 cache-miss
309 http fetch GET 200 https://registry.npmjs.org/source-map-js 146ms (cache miss)
310 silly packumentCache full:https://registry.npmjs.org/source-map-js set size:undefined disposed:false
311 silly fetch manifest @rolldown/binding-android-arm64@1.2.9
312 silly packumentCache full:https://registry.npmjs.org/@rolldown%2fbinding-android-arm64 cache-miss
313 http fetch GET 200 https://registry.npmjs.org/picocolors 153ms (cache miss)
314 silly packumentCache full:https://registry.npmjs.org/picocolors set size:undefined disposed:false
315 silly fetch manifest @rolldown/binding-linux-x64-gnu@1.2.9
316 silly packumentCache full:https://registry.npmjs.org/@rolldown%2fbinding-linux-x64-gnu cache-miss
317 http fetch GET 200 https://registry.npmjs.org/@oxc-project%2ftypes 217ms (cache miss)
318 silly packumentCache full:https://registry.npmjs.org/@oxc-project%2ftypes set size:undefined disposed:false
319 silly fetch manifest @rolldown/binding-linux-x64-musl@1.2.9
320 silly packumentCache full:https://registry.npmjs.org/@rolldown%2fbinding-linux-x64-musl cache-miss
321 http fetch GET 200 https://registry.npmjs.org/nanoid 282ms (cache miss)
322 silly packumentCache full:https://registry.npmjs.org/nanoid set size:undefined disposed:false
323 silly fetch manifest @rolldown/binding-win32-x64-msvc@1.2.9
324 silly packumentCache full:https://registry.npmjs.org/@rolldown%2fbinding-win32-x64-msvc cache-miss
325 http fetch GET 200 https://registry.npmjs.org/lightningcss-linux-x64-musl 520ms (cache miss)
326 silly packumentCache full:https://registry.npmjs.org/lightningcss-linux-x64-musl set size:undefined disposed:false
327 silly fetch manifest @rolldown/binding-linux-arm64-gnu@1.2.9
328 silly packumentCache full:https://registry.npmjs.org/@rolldown%2fbinding-linux-arm64-gnu cache-miss
329 http fetch GET 200 https://registry.npmjs.org/lightningcss-linux-arm64-musl 526ms (cache miss)
330 silly packumentCache full:https://registry.npmjs.org/lightningcss-linux-arm64-musl set size:undefined disposed:false
331 silly fetch manifest @rolldown/binding-linux-ppc64-gnu@1.2.9
332 silly packumentCache full:https://registry.npmjs.org/@rolldown%2fbinding-linux-ppc64-gnu cache-miss
333 http fetch GET 200 https://registry.npmjs.org/lightningcss-darwin-arm64 530ms (cache miss)
334 silly packumentCache full:https://registry.npmjs.org/lightningcss-darwin-arm64 set size:undefined disposed:false
335 silly fetch manifest @rolldown/binding-linux-s390x-gnu@1.2.9
336 silly packumentCache full:https://registry.npmjs.org/@rolldown%2fbinding-linux-s390x-gnu cache-miss
337 http fetch GET 200 https://registry.npmjs.org/lightningcss-freebsd-x64 532ms (cache miss)
338 silly packumentCache full:https://registry.npmjs.org/lightningcss-freebsd-x64 set size:undefined disposed:false
339 silly fetch manifest @rolldown/binding-android-arm-eabi@1.2.9
340 silly packumentCache full:https://registry.npmjs.org/@rolldown%2fbinding-android-arm-eabi cache-miss
341 http fetch GET 200 https://registry.npmjs.org/@rolldown%2fbinding-android-arm64 185ms (cache miss)
342 silly packumentCache full:https://registry.npmjs.org/@rolldown%2fbinding-android-arm64 set size:undefined disposed:false
343 silly fetch manifest @rolldown/binding-linux-arm64-musl@1.2.9
344 silly packumentCache full:https://registry.npmjs.org/@rolldown%2fbinding-linux-arm64-musl cache-miss
345 http fetch GET 200 https://registry.npmjs.org/@rolldown%2fbinding-linux-x64-gnu 260ms (cache miss)
346 silly packumentCache full:https://registry.npmjs.org/@rolldown%2fbinding-linux-x64-gnu set size:undefined disposed:false
347 silly fetch manifest @rolldown/binding-win32-arm64-msvc@1.2.9
348 silly packumentCache full:https://registry.npmjs.org/@rolldown%2fbinding-win32-arm64-msvc cache-miss
349 http fetch GET 200 https://registry.npmjs.org/@rolldown%2fbinding-darwin-x64 447ms (cache miss)
350 silly packumentCache full:https://registry.npmjs.org/@rolldown%2fbinding-darwin-x64 set size:undefined disposed:false
351 silly fetch manifest @rolldown/binding-openharmony-arm64@1.2.9
352 silly packumentCache full:https://registry.npmjs.org/@rolldown%2fbinding-openharmony-arm64 cache-miss
353 http fetch GET 200 https://registry.npmjs.org/@rolldown%2fbinding-linux-s390x-gnu 187ms (cache miss)
354 silly packumentCache full:https://registry.npmjs.org/@rolldown%2fbinding-linux-s390x-gnu set size:undefined disposed:false
355 silly fetch manifest @rolldown/binding-linux-arm-gnueabihf@1.2.9
356 silly packumentCache full:https://registry.npmjs.org/@rolldown%2fbinding-linux-arm-gnueabihf cache-miss
357 http fetch GET 200 https://registry.npmjs.org/@rolldown%2fbinding-linux-ppc64-gnu 196ms (cache miss)
358 silly packumentCache full:https://registry.npmjs.org/@rolldown%2fbinding-linux-ppc64-gnu set size:undefined disposed:false
359 silly fetch manifest fdir@^6.5.0
360 silly packumentCache full:https://registry.npmjs.org/fdir cache-miss
361 http fetch GET 200 https://registry.npmjs.org/@rolldown%2fbinding-android-arm-eabi 195ms (cache miss)
362 silly packumentCache full:https://registry.npmjs.org/@rolldown%2fbinding-android-arm-eabi set size:undefined disposed:false
363 http fetch GET 200 https://registry.npmjs.org/@rolldown%2fbinding-linux-x64-musl 273ms (cache miss)
364 silly packumentCache full:https://registry.npmjs.org/@rolldown%2fbinding-linux-x64-musl set size:undefined disposed:false
365 http fetch GET 200 https://registry.npmjs.org/@rolldown%2fbinding-freebsd-x64 505ms (cache miss)
366 silly packumentCache full:https://registry.npmjs.org/@rolldown%2fbinding-freebsd-x64 set size:undefined disposed:false
367 http fetch GET 200 https://registry.npmjs.org/@rolldown%2fbinding-darwin-arm64 384ms (cache miss)
368 silly packumentCache full:https://registry.npmjs.org/@rolldown%2fbinding-darwin-arm64 set size:undefined disposed:false
369 http fetch GET 200 https://registry.npmjs.org/@rolldown%2fbinding-win32-x64-msvc 306ms (cache miss)
370 silly packumentCache full:https://registry.npmjs.org/@rolldown%2fbinding-win32-x64-msvc set size:undefined disposed:false
371 http fetch GET 200 https://registry.npmjs.org/@rolldown%2fbinding-linux-arm64-gnu 363ms (cache miss)
372 silly packumentCache full:https://registry.npmjs.org/@rolldown%2fbinding-linux-arm64-gnu set size:undefined disposed:false
373 http fetch GET 200 https://registry.npmjs.org/fdir 172ms (cache miss)
374 silly packumentCache full:https://registry.npmjs.org/fdir set size:undefined disposed:false
375 http fetch GET 200 https://registry.npmjs.org/@rolldown%2fbinding-win32-arm64-msvc 300ms (cache miss)
376 silly packumentCache full:https://registry.npmjs.org/@rolldown%2fbinding-win32-arm64-msvc set size:undefined disposed:false
377 http fetch GET 200 https://registry.npmjs.org/@rolldown%2fbinding-openharmony-arm64 273ms (cache miss)
378 silly packumentCache full:https://registry.npmjs.org/@rolldown%2fbinding-openharmony-arm64 set size:undefined disposed:false
379 http fetch GET 200 https://registry.npmjs.org/@rolldown%2fbinding-linux-arm-gnueabihf 270ms (cache miss)
380 silly packumentCache full:https://registry.npmjs.org/@rolldown%2fbinding-linux-arm-gnueabihf set size:undefined disposed:false
381 http fetch GET 200 https://registry.npmjs.org/@rolldown%2fbinding-linux-arm64-musl 432ms (cache miss)
382 silly packumentCache full:https://registry.npmjs.org/@rolldown%2fbinding-linux-arm64-musl set size:undefined disposed:false
383 silly placeDep ROOT detect-libc@2.1.2 OK for: lightningcss@1.33.0 want: ^2.0.3
384 silly placeDep ROOT lightningcss-android-arm64@1.33.0 OK for: lightningcss@1.33.0 want: 1.33.0
385 silly placeDep ROOT lightningcss-darwin-arm64@1.33.0 OK for: lightningcss@1.33.0 want: 1.33.0
386 silly placeDep ROOT lightningcss-darwin-x64@1.33.0 OK for: lightningcss@1.33.0 want: 1.33.0
387 silly placeDep ROOT lightningcss-freebsd-x64@1.33.0 OK for: lightningcss@1.33.0 want: 1.33.0
388 silly placeDep ROOT lightningcss-linux-arm-gnueabihf@1.33.0 OK for: lightningcss@1.33.0 want: 1.33.0
389 silly placeDep ROOT lightningcss-linux-arm64-gnu@1.33.0 OK for: lightningcss@1.33.0 want: 1.33.0
390 silly placeDep ROOT lightningcss-linux-arm64-musl@1.33.0 OK for: lightningcss@1.33.0 want: 1.33.0
391 silly placeDep ROOT lightningcss-linux-x64-gnu@1.33.0 OK for: lightningcss@1.33.0 want: 1.33.0
392 silly placeDep ROOT lightningcss-linux-x64-musl@1.33.0 OK for: lightningcss@1.33.0 want: 1.33.0
393 silly placeDep ROOT lightningcss-win32-arm64-msvc@1.33.0 OK for: lightningcss@1.33.0 want: 1.33.0
394 silly placeDep ROOT lightningcss-win32-x64-msvc@1.33.0 OK for: lightningcss@1.33.0 want: 1.33.0
395 silly placeDep ROOT nanoid@3.3.19 OK for: postcss@8.5.28 want: ^3.3.18
396 silly placeDep ROOT picocolors@1.1.1 OK for: postcss@8.5.28 want: ^1.1.1
397 silly placeDep ROOT source-map-js@1.2.1 OK for: postcss@8.5.28 want: ^1.2.1
398 silly placeDep ROOT @oxc-project/types@0.150.0 OK for: rolldown@1.2.9 want: =0.150.0
399 silly placeDep ROOT @rolldown/binding-android-arm-eabi@1.2.9 OK for: rolldown@1.2.9 want: 1.2.9
400 silly placeDep ROOT @rolldown/binding-android-arm64@1.2.9 OK for: rolldown@1.2.9 want: 1.2.9
401 silly placeDep ROOT @rolldown/binding-darwin-arm64@1.2.9 OK for: rolldown@1.2.9 want: 1.2.9
402 silly placeDep ROOT @rolldown/binding-darwin-x64@1.2.9 OK for: rolldown@1.2.9 want: 1.2.9
403 silly placeDep ROOT @rolldown/binding-freebsd-x64@1.2.9 OK for: rolldown@1.2.9 want: 1.2.9
404 silly placeDep ROOT @rolldown/binding-linux-arm-gnueabihf@1.2.9 OK for: rolldown@1.2.9 want: 1.2.9
405 silly placeDep ROOT @rolldown/binding-linux-arm64-gnu@1.2.9 OK for: rolldown@1.2.9 want: 1.2.9
406 silly placeDep ROOT @rolldown/binding-linux-arm64-musl@1.2.9 OK for: rolldown@1.2.9 want: 1.2.9
407 silly placeDep ROOT @rolldown/binding-linux-ppc64-gnu@1.2.9 OK for: rolldown@1.2.9 want: 1.2.9
408 silly placeDep ROOT @rolldown/binding-linux-s390x-gnu@1.2.9 OK for: rolldown@1.2.9 want: 1.2.9
409 silly placeDep ROOT @rolldown/binding-linux-x64-gnu@1.2.9 OK for: rolldown@1.2.9 want: 1.2.9
410 silly placeDep ROOT @rolldown/binding-linux-x64-musl@1.2.9 OK for: rolldown@1.2.9 want: 1.2.9
411 silly placeDep ROOT @rolldown/binding-openharmony-arm64@1.2.9 OK for: rolldown@1.2.9 want: 1.2.9
412 silly placeDep ROOT @rolldown/binding-win32-arm64-msvc@1.2.9 OK for: rolldown@1.2.9 want: 1.2.9
413 silly placeDep ROOT @rolldown/binding-win32-x64-msvc@1.2.9 OK for: rolldown@1.2.9 want: 1.2.9
414 silly fetch manifest picomatch@^4.0.4
415 silly packumentCache full:https://registry.npmjs.org/picomatch cache-miss
416 http cache https://registry.npmjs.org/picomatch 17ms (cache hit)
417 silly packumentCache full:https://registry.npmjs.org/picomatch set size:134451 disposed:false
418 silly placeDep ROOT fdir@6.5.0 OK for: tinyglobby@0.2.17 want: ^6.5.0
419 silly reify moves {}
420 silly audit bulk request {
420 silly audit   '@types/react': [ '19.2.18' ],
420 silly audit   '@types/react-dom': [ '19.2.5' ],
420 silly audit   '@vitejs/plugin-react': [ '6.0.2' ],
420 silly audit   vite: [ '8.2.2' ],
420 silly audit   gsap: [ '3.15.0' ],
420 silly audit   react: [ '19.2.8' ],
420 silly audit   'react-dom': [ '19.2.8' ],
420 silly audit   typescript: [ '5.9.3' ],
420 silly audit   csstype: [ '3.2.3' ],
420 silly audit   '@rolldown/pluginutils': [ '1.0.1' ],
420 silly audit   scheduler: [ '0.27.0' ],
420 silly audit   fsevents: [ '2.3.3' ],
420 silly audit   lightningcss: [ '1.33.0' ],
420 silly audit   picomatch: [ '4.0.7' ],
420 silly audit   postcss: [ '8.5.28' ],
420 silly audit   rolldown: [ '1.2.9' ],
420 silly audit   tinyglobby: [ '0.2.17' ],
420 silly audit   'detect-libc': [ '2.1.2' ],
420 silly audit   'lightningcss-android-arm64': [ '1.33.0' ],
420 silly audit   'lightningcss-darwin-arm64': [ '1.33.0' ],
420 silly audit   'lightningcss-darwin-x64': [ '1.33.0' ],
420 silly audit   'lightningcss-freebsd-x64': [ '1.33.0' ],
420 silly audit   'lightningcss-linux-arm-gnueabihf': [ '1.33.0' ],
420 silly audit   'lightningcss-linux-arm64-gnu': [ '1.33.0' ],
420 silly audit   'lightningcss-linux-arm64-musl': [ '1.33.0' ],
420 silly audit   'lightningcss-linux-x64-gnu': [ '1.33.0' ],
420 silly audit   'lightningcss-linux-x64-musl': [ '1.33.0' ],
420 silly audit   'lightningcss-win32-arm64-msvc': [ '1.33.0' ],
420 silly audit   'lightningcss-win32-x64-msvc': [ '1.33.0' ],
420 silly audit   nanoid: [ '3.3.19' ],
420 silly audit   picocolors: [ '1.1.1' ],
420 silly audit   'source-map-js': [ '1.2.1' ],
420 silly audit   '@oxc-project/types': [ '0.150.0' ],
420 silly audit   '@rolldown/binding-android-arm-eabi': [ '1.2.9' ],
420 silly audit   '@rolldown/binding-android-arm64': [ '1.2.9' ],
420 silly audit   '@rolldown/binding-darwin-arm64': [ '1.2.9' ],
420 silly audit   '@rolldown/binding-darwin-x64': [ '1.2.9' ],
420 silly audit   '@rolldown/binding-freebsd-x64': [ '1.2.9' ],
420 silly audit   '@rolldown/binding-linux-arm-gnueabihf': [ '1.2.9' ],
420 silly audit   '@rolldown/binding-linux-arm64-gnu': [ '1.2.9' ],
420 silly audit   '@rolldown/binding-linux-arm64-musl': [ '1.2.9' ],
420 silly audit   '@rolldown/binding-linux-ppc64-gnu': [ '1.2.9' ],
420 silly audit   '@rolldown/binding-linux-s390x-gnu': [ '1.2.9' ],
420 silly audit   '@rolldown/binding-linux-x64-gnu': [ '1.2.9' ],
420 silly audit   '@rolldown/binding-linux-x64-musl': [ '1.2.9' ],
420 silly audit   '@rolldown/binding-openharmony-arm64': [ '1.2.9' ],
420 silly audit   '@rolldown/binding-win32-arm64-msvc': [ '1.2.9' ],
420 silly audit   '@rolldown/binding-win32-x64-msvc': [ '1.2.9' ],
420 silly audit   fdir: [ '6.5.0' ]
420 silly audit }
421 http cache @rolldown/binding-win32-x64-msvc@https://registry.npmjs.org/@rolldown/binding-win32-x64-msvc/-/binding-win32-x64-msvc-1.2.9.tgz 0ms (cache hit)
422 http cache fdir@https://registry.npmjs.org/fdir/-/fdir-6.5.0.tgz 0ms (cache hit)
423 http cache @oxc-project/types@https://registry.npmjs.org/@oxc-project/types/-/types-0.150.0.tgz 0ms (cache hit)
424 http cache picocolors@https://registry.npmjs.org/picocolors/-/picocolors-1.1.1.tgz 0ms (cache hit)
425 http cache source-map-js@https://registry.npmjs.org/source-map-js/-/source-map-js-1.2.1.tgz 0ms (cache hit)
426 http cache nanoid@https://registry.npmjs.org/nanoid/-/nanoid-3.3.19.tgz 0ms (cache hit)
427 http cache detect-libc@https://registry.npmjs.org/detect-libc/-/detect-libc-2.1.2.tgz 0ms (cache hit)
428 http cache lightningcss-win32-x64-msvc@https://registry.npmjs.org/lightningcss-win32-x64-msvc/-/lightningcss-win32-x64-msvc-1.33.0.tgz 0ms (cache hit)
429 http cache postcss@https://registry.npmjs.org/postcss/-/postcss-8.5.28.tgz 0ms (cache hit)
430 http cache picomatch@https://registry.npmjs.org/picomatch/-/picomatch-4.0.7.tgz 0ms (cache hit)
431 http cache lightningcss@https://registry.npmjs.org/lightningcss/-/lightningcss-1.33.0.tgz 0ms (cache hit)
432 http cache tinyglobby@https://registry.npmjs.org/tinyglobby/-/tinyglobby-0.2.17.tgz 0ms (cache hit)
433 http cache scheduler@https://registry.npmjs.org/scheduler/-/scheduler-0.27.0.tgz 0ms (cache hit)
434 http cache rolldown@https://registry.npmjs.org/rolldown/-/rolldown-1.2.9.tgz 0ms (cache hit)
435 http cache @rolldown/pluginutils@https://registry.npmjs.org/@rolldown/pluginutils/-/pluginutils-1.0.1.tgz 0ms (cache hit)
436 http cache react-dom@https://registry.npmjs.org/react-dom/-/react-dom-19.2.8.tgz 0ms (cache hit)
437 http cache react@https://registry.npmjs.org/react/-/react-19.2.8.tgz 0ms (cache hit)
438 http cache csstype@https://registry.npmjs.org/csstype/-/csstype-3.2.3.tgz 0ms (cache hit)
439 http cache typescript@https://registry.npmjs.org/typescript/-/typescript-5.9.3.tgz 0ms (cache hit)
440 http cache vite@https://registry.npmjs.org/vite/-/vite-8.2.2.tgz 0ms (cache hit)
441 http cache @vitejs/plugin-react@https://registry.npmjs.org/@vitejs/plugin-react/-/plugin-react-6.0.2.tgz 0ms (cache hit)
442 http cache @types/react-dom@https://registry.npmjs.org/@types/react-dom/-/react-dom-19.2.5.tgz 0ms (cache hit)
443 http cache gsap@https://registry.npmjs.org/gsap/-/gsap-3.15.0.tgz 0ms (cache hit)
444 silly tarball no local data for @rolldown/binding-win32-x64-msvc@https://registry.npmjs.org/@rolldown/binding-win32-x64-msvc/-/binding-win32-x64-msvc-1.2.9.tgz. Extracting by manifest.
445 silly tarball no local data for fdir@https://registry.npmjs.org/fdir/-/fdir-6.5.0.tgz. Extracting by manifest.
446 silly tarball no local data for @oxc-project/types@https://registry.npmjs.org/@oxc-project/types/-/types-0.150.0.tgz. Extracting by manifest.
447 http cache @types/react@https://registry.npmjs.org/@types/react/-/react-19.2.18.tgz 0ms (cache hit)
448 silly tarball no local data for picocolors@https://registry.npmjs.org/picocolors/-/picocolors-1.1.1.tgz. Extracting by manifest.
449 silly tarball no local data for source-map-js@https://registry.npmjs.org/source-map-js/-/source-map-js-1.2.1.tgz. Extracting by manifest.
450 silly tarball no local data for nanoid@https://registry.npmjs.org/nanoid/-/nanoid-3.3.19.tgz. Extracting by manifest.
451 silly tarball no local data for detect-libc@https://registry.npmjs.org/detect-libc/-/detect-libc-2.1.2.tgz. Extracting by manifest.
452 silly tarball no local data for lightningcss-win32-x64-msvc@https://registry.npmjs.org/lightningcss-win32-x64-msvc/-/lightningcss-win32-x64-msvc-1.33.0.tgz. Extracting by manifest.
453 silly tarball no local data for postcss@https://registry.npmjs.org/postcss/-/postcss-8.5.28.tgz. Extracting by manifest.
454 silly tarball no local data for picomatch@https://registry.npmjs.org/picomatch/-/picomatch-4.0.7.tgz. Extracting by manifest.
455 silly tarball no local data for lightningcss@https://registry.npmjs.org/lightningcss/-/lightningcss-1.33.0.tgz. Extracting by manifest.
456 silly tarball no local data for tinyglobby@https://registry.npmjs.org/tinyglobby/-/tinyglobby-0.2.17.tgz. Extracting by manifest.
457 silly tarball no local data for rolldown@https://registry.npmjs.org/rolldown/-/rolldown-1.2.9.tgz. Extracting by manifest.
458 silly tarball no local data for scheduler@https://registry.npmjs.org/scheduler/-/scheduler-0.27.0.tgz. Extracting by manifest.
459 silly tarball no local data for @rolldown/pluginutils@https://registry.npmjs.org/@rolldown/pluginutils/-/pluginutils-1.0.1.tgz. Extracting by manifest.
460 silly tarball no local data for react-dom@https://registry.npmjs.org/react-dom/-/react-dom-19.2.8.tgz. Extracting by manifest.
461 silly tarball no local data for react@https://registry.npmjs.org/react/-/react-19.2.8.tgz. Extracting by manifest.
462 silly tarball no local data for csstype@https://registry.npmjs.org/csstype/-/csstype-3.2.3.tgz. Extracting by manifest.
463 silly tarball no local data for typescript@https://registry.npmjs.org/typescript/-/typescript-5.9.3.tgz. Extracting by manifest.
464 silly tarball no local data for vite@https://registry.npmjs.org/vite/-/vite-8.2.2.tgz. Extracting by manifest.
465 silly tarball no local data for @vitejs/plugin-react@https://registry.npmjs.org/@vitejs/plugin-react/-/plugin-react-6.0.2.tgz. Extracting by manifest.
466 silly tarball no local data for @types/react-dom@https://registry.npmjs.org/@types/react-dom/-/react-dom-19.2.5.tgz. Extracting by manifest.
467 silly tarball no local data for gsap@https://registry.npmjs.org/gsap/-/gsap-3.15.0.tgz. Extracting by manifest.
468 silly tarball no local data for @types/react@https://registry.npmjs.org/@types/react/-/react-19.2.18.tgz. Extracting by manifest.
469 http fetch GET 200 https://registry.npmjs.org/picocolors/-/picocolors-1.1.1.tgz 215ms (cache miss)
470 http fetch GET 200 https://registry.npmjs.org/detect-libc/-/detect-libc-2.1.2.tgz 216ms (cache miss)
471 http fetch POST 200 https://registry.npmjs.org/-/npm/v1/security/advisories/bulk 293ms
472 silly audit report {}
473 http fetch GET 200 https://registry.npmjs.org/source-map-js/-/source-map-js-1.2.1.tgz 300ms (cache miss)
474 http fetch GET 200 https://registry.npmjs.org/@rolldown/pluginutils/-/pluginutils-1.0.1.tgz 332ms (cache miss)
475 http fetch GET 200 https://registry.npmjs.org/react/-/react-19.2.8.tgz 556ms (cache miss)
476 http fetch GET 200 https://registry.npmjs.org/tinyglobby/-/tinyglobby-0.2.17.tgz 582ms (cache miss)
477 http fetch GET 200 https://registry.npmjs.org/csstype/-/csstype-3.2.3.tgz 630ms (cache miss)
478 http fetch GET 200 https://registry.npmjs.org/@vitejs/plugin-react/-/plugin-react-6.0.2.tgz 686ms (cache miss)
479 http fetch GET 200 https://registry.npmjs.org/fdir/-/fdir-6.5.0.tgz 722ms (cache miss)
480 http fetch GET 200 https://registry.npmjs.org/scheduler/-/scheduler-0.27.0.tgz 737ms (cache miss)
481 http fetch GET 200 https://registry.npmjs.org/@types/react-dom/-/react-dom-19.2.5.tgz 805ms (cache miss)
482 http fetch GET 200 https://registry.npmjs.org/@oxc-project/types/-/types-0.150.0.tgz 815ms (cache miss)
483 http fetch GET 200 https://registry.npmjs.org/lightningcss-win32-x64-msvc/-/lightningcss-win32-x64-msvc-1.33.0.tgz 854ms (cache miss)
484 http fetch GET 200 https://registry.npmjs.org/lightningcss/-/lightningcss-1.33.0.tgz 882ms (cache miss)
485 http fetch GET 200 https://registry.npmjs.org/picomatch/-/picomatch-4.0.7.tgz 916ms (cache miss)
486 http fetch GET 200 https://registry.npmjs.org/@types/react/-/react-19.2.18.tgz 978ms (cache miss)
487 http fetch GET 200 https://registry.npmjs.org/nanoid/-/nanoid-3.3.19.tgz 1008ms (cache miss)
488 http fetch GET 200 https://registry.npmjs.org/vite/-/vite-8.2.2.tgz 1158ms (cache miss)
489 http fetch GET 200 https://registry.npmjs.org/postcss/-/postcss-8.5.28.tgz 1230ms (cache miss)
490 http fetch GET 200 https://registry.npmjs.org/rolldown/-/rolldown-1.2.9.tgz 1300ms (cache miss)
491 http fetch GET 200 https://registry.npmjs.org/react-dom/-/react-dom-19.2.8.tgz 1324ms (cache miss)
492 http fetch GET 200 https://registry.npmjs.org/typescript/-/typescript-5.9.3.tgz 2076ms (cache miss)
493 http fetch GET 200 https://registry.npmjs.org/gsap/-/gsap-3.15.0.tgz 2476ms (cache miss)
494 http fetch GET 200 https://registry.npmjs.org/@rolldown/binding-win32-x64-msvc/-/binding-win32-x64-msvc-1.2.9.tgz 2851ms (cache miss)
495 silly ADD node_modules/fdir
496 silly ADD node_modules/@rolldown/binding-win32-x64-msvc
497 silly ADD node_modules/@oxc-project/types
498 silly ADD node_modules/source-map-js
499 silly ADD node_modules/picocolors
500 silly ADD node_modules/nanoid
501 silly ADD node_modules/lightningcss-win32-x64-msvc
502 silly ADD node_modules/detect-libc
503 silly ADD node_modules/tinyglobby
504 silly ADD node_modules/rolldown
505 silly ADD node_modules/postcss
506 silly ADD node_modules/picomatch
507 silly ADD node_modules/lightningcss
508 silly ADD node_modules/scheduler
509 silly ADD node_modules/@rolldown/pluginutils
510 silly ADD node_modules/csstype
511 silly ADD node_modules/typescript
512 silly ADD node_modules/react-dom
513 silly ADD node_modules/react
514 silly ADD node_modules/gsap
515 silly ADD node_modules/vite
516 silly ADD node_modules/@vitejs/plugin-react
517 silly ADD node_modules/@types/react-dom
518 silly ADD node_modules/@types/react
519 verbose cwd C:\my portfolio
520 verbose os Windows_NT 10.0.26200
521 verbose node v24.19.0
522 verbose npm  v11.17.0
523 verbose exit 0
524 info ok
